
Allocating common symbols
Common symbol       size              file

PMECC_paramDesc     0xccc             /home/linux/wkdir/src/sys/Bootstrap/at91bootstrap/driver/nandflash.o

Discarded input sections

 .data          0x00000000        0x0 /home/linux/wkdir/src/sys/Bootstrap/at91bootstrap/crt0_gnu.o
 .bss           0x00000000        0x0 /home/linux/wkdir/src/sys/Bootstrap/at91bootstrap/crt0_gnu.o
 .text          0x00000000        0x0 /home/linux/wkdir/src/sys/Bootstrap/at91bootstrap/main.o
 .data          0x00000000        0x0 /home/linux/wkdir/src/sys/Bootstrap/at91bootstrap/main.o
 .bss           0x00000000        0x4 /home/linux/wkdir/src/sys/Bootstrap/at91bootstrap/main.o
 .text          0x00000000        0x0 /home/linux/wkdir/src/sys/Bootstrap/at91bootstrap/board/at91sama5d3xek/at91sama5d3xek.o
 .bss           0x00000000        0x0 /home/linux/wkdir/src/sys/Bootstrap/at91bootstrap/board/at91sama5d3xek/at91sama5d3xek.o
 .text          0x00000000        0x0 /home/linux/wkdir/src/sys/Bootstrap/at91bootstrap/lib/string.o
 .data          0x00000000        0x0 /home/linux/wkdir/src/sys/Bootstrap/at91bootstrap/lib/string.o
 .bss           0x00000000        0x0 /home/linux/wkdir/src/sys/Bootstrap/at91bootstrap/lib/string.o
 .text.memcpy   0x00000000       0x18 /home/linux/wkdir/src/sys/Bootstrap/at91bootstrap/lib/string.o
 .text.memcmp   0x00000000       0x1c /home/linux/wkdir/src/sys/Bootstrap/at91bootstrap/lib/string.o
 .text.strlen   0x00000000       0x10 /home/linux/wkdir/src/sys/Bootstrap/at91bootstrap/lib/string.o
 .text.strcpy   0x00000000       0x10 /home/linux/wkdir/src/sys/Bootstrap/at91bootstrap/lib/string.o
 .text.strcat   0x00000000       0x1e /home/linux/wkdir/src/sys/Bootstrap/at91bootstrap/lib/string.o
 .text.strcmp   0x00000000       0x20 /home/linux/wkdir/src/sys/Bootstrap/at91bootstrap/lib/string.o
 .text.strncmp  0x00000000       0x2c /home/linux/wkdir/src/sys/Bootstrap/at91bootstrap/lib/string.o
 .text.strchr   0x00000000       0x1a /home/linux/wkdir/src/sys/Bootstrap/at91bootstrap/lib/string.o
 .text.memchr   0x00000000       0x1a /home/linux/wkdir/src/sys/Bootstrap/at91bootstrap/lib/string.o
 .text.memmove  0x00000000       0x2e /home/linux/wkdir/src/sys/Bootstrap/at91bootstrap/lib/string.o
 .text          0x00000000        0x0 /home/linux/wkdir/src/sys/Bootstrap/at91bootstrap/lib/eabi_utils.o
 .data          0x00000000        0x0 /home/linux/wkdir/src/sys/Bootstrap/at91bootstrap/lib/eabi_utils.o
 .bss           0x00000000        0x0 /home/linux/wkdir/src/sys/Bootstrap/at91bootstrap/lib/eabi_utils.o
 .text.__aeabi_unwind_cpp_pr0
                0x00000000        0x2 /home/linux/wkdir/src/sys/Bootstrap/at91bootstrap/lib/eabi_utils.o
 .text.__aeabi_unwind_cpp_pr1
                0x00000000        0x2 /home/linux/wkdir/src/sys/Bootstrap/at91bootstrap/lib/eabi_utils.o
 .debug_info    0x00000000       0x44 /home/linux/wkdir/src/sys/Bootstrap/at91bootstrap/lib/eabi_utils.o
 .debug_abbrev  0x00000000       0x44 /home/linux/wkdir/src/sys/Bootstrap/at91bootstrap/lib/eabi_utils.o
 .debug_aranges
                0x00000000       0x20 /home/linux/wkdir/src/sys/Bootstrap/at91bootstrap/lib/eabi_utils.o
 .debug_ranges  0x00000000       0x10 /home/linux/wkdir/src/sys/Bootstrap/at91bootstrap/lib/eabi_utils.o
 .debug_line    0x00000000       0x71 /home/linux/wkdir/src/sys/Bootstrap/at91bootstrap/lib/eabi_utils.o
 .debug_str     0x00000000      0x13c /home/linux/wkdir/src/sys/Bootstrap/at91bootstrap/lib/eabi_utils.o
 .comment       0x00000000       0x2c /home/linux/wkdir/src/sys/Bootstrap/at91bootstrap/lib/eabi_utils.o
 .note.GNU-stack
                0x00000000        0x0 /home/linux/wkdir/src/sys/Bootstrap/at91bootstrap/lib/eabi_utils.o
 .debug_frame   0x00000000       0x30 /home/linux/wkdir/src/sys/Bootstrap/at91bootstrap/lib/eabi_utils.o
 .ARM.attributes
                0x00000000       0x33 /home/linux/wkdir/src/sys/Bootstrap/at91bootstrap/lib/eabi_utils.o
 .text          0x00000000        0x0 /home/linux/wkdir/src/sys/Bootstrap/at91bootstrap/lib/div.o
 .data          0x00000000        0x0 /home/linux/wkdir/src/sys/Bootstrap/at91bootstrap/lib/div.o
 .bss           0x00000000        0x0 /home/linux/wkdir/src/sys/Bootstrap/at91bootstrap/lib/div.o
 .text          0x00000000        0x0 /home/linux/wkdir/src/sys/Bootstrap/at91bootstrap/driver/debug.o
 .data          0x00000000        0x0 /home/linux/wkdir/src/sys/Bootstrap/at91bootstrap/driver/debug.o
 .text          0x00000000        0x0 /home/linux/wkdir/src/sys/Bootstrap/at91bootstrap/driver/at91_slowclk.o
 .data          0x00000000        0x0 /home/linux/wkdir/src/sys/Bootstrap/at91bootstrap/driver/at91_slowclk.o
 .bss           0x00000000        0x0 /home/linux/wkdir/src/sys/Bootstrap/at91bootstrap/driver/at91_slowclk.o
 .text          0x00000000        0x0 /home/linux/wkdir/src/sys/Bootstrap/at91bootstrap/driver/at91_pio.o
 .data          0x00000000        0x0 /home/linux/wkdir/src/sys/Bootstrap/at91bootstrap/driver/at91_pio.o
 .bss           0x00000000        0x0 /home/linux/wkdir/src/sys/Bootstrap/at91bootstrap/driver/at91_pio.o
 .text.pio_set_value
                0x00000000       0x2a /home/linux/wkdir/src/sys/Bootstrap/at91bootstrap/driver/at91_pio.o
 .text.pio_get_value
                0x00000000       0x28 /home/linux/wkdir/src/sys/Bootstrap/at91bootstrap/driver/at91_pio.o
 .text          0x00000000        0x0 /home/linux/wkdir/src/sys/Bootstrap/at91bootstrap/driver/pmc.o
 .data          0x00000000        0x0 /home/linux/wkdir/src/sys/Bootstrap/at91bootstrap/driver/pmc.o
 .bss           0x00000000        0x0 /home/linux/wkdir/src/sys/Bootstrap/at91bootstrap/driver/pmc.o
 .text.die      0x00000000        0x2 /home/linux/wkdir/src/sys/Bootstrap/at91bootstrap/driver/pmc.o
 .text.pmc_cfg_pllb
                0x00000000       0x30 /home/linux/wkdir/src/sys/Bootstrap/at91bootstrap/driver/pmc.o
 .text.pmc_cfg_pck
                0x00000000       0x2c /home/linux/wkdir/src/sys/Bootstrap/at91bootstrap/driver/pmc.o
 .text          0x00000000        0x0 /home/linux/wkdir/src/sys/Bootstrap/at91bootstrap/driver/at91_pit.o
 .data          0x00000000        0x0 /home/linux/wkdir/src/sys/Bootstrap/at91bootstrap/driver/at91_pit.o
 .text          0x00000000        0x0 /home/linux/wkdir/src/sys/Bootstrap/at91bootstrap/driver/at91_wdt.o
 .data          0x00000000        0x0 /home/linux/wkdir/src/sys/Bootstrap/at91bootstrap/driver/at91_wdt.o
 .bss           0x00000000        0x0 /home/linux/wkdir/src/sys/Bootstrap/at91bootstrap/driver/at91_wdt.o
 .text          0x00000000        0x0 /home/linux/wkdir/src/sys/Bootstrap/at91bootstrap/driver/dbgu.o
 .data          0x00000000        0x0 /home/linux/wkdir/src/sys/Bootstrap/at91bootstrap/driver/dbgu.o
 .bss           0x00000000        0x0 /home/linux/wkdir/src/sys/Bootstrap/at91bootstrap/driver/dbgu.o
 .text.dbgu_getc
                0x00000000       0x18 /home/linux/wkdir/src/sys/Bootstrap/at91bootstrap/driver/dbgu.o
 .text          0x00000000        0x0 /home/linux/wkdir/src/sys/Bootstrap/at91bootstrap/driver/ddramc.o
 .data          0x00000000        0x0 /home/linux/wkdir/src/sys/Bootstrap/at91bootstrap/driver/ddramc.o
 .bss           0x00000000        0x0 /home/linux/wkdir/src/sys/Bootstrap/at91bootstrap/driver/ddramc.o
 .text          0x00000000        0x0 /home/linux/wkdir/src/sys/Bootstrap/at91bootstrap/driver/nandflash.o
 .data          0x00000000        0x0 /home/linux/wkdir/src/sys/Bootstrap/at91bootstrap/driver/nandflash.o

Memory Configuration

Name             Origin             Length             Attributes
*default*        0x00000000         0xffffffff

Linker script and memory map

                0x00000000                . = ALIGN (0x4)

.text           0x00300000      0x5e0
                0x00300000                _stext = .
 *(.text)
 .text          0x00300000      0x130 /home/linux/wkdir/src/sys/Bootstrap/at91bootstrap/crt0_gnu.o
                0x00300000                reset
                0x003000a4                set_cp15
                0x003000ac                get_cp15
                0x003000b4                disable_irq
                0x003000c4                get_cpsr
                0x003000cc                set_cpsr
                0x003000d4                disable_icache
                0x003000e8                disable_dcache
                0x003000fc                flush_idcache
 *(.rodata)
 .rodata        0x00300130       0xa0 /home/linux/wkdir/src/sys/Bootstrap/at91bootstrap/driver/nandflash.o
 *(.rodata*)
 .rodata.str1.1
                0x003001d0       0x7d /home/linux/wkdir/src/sys/Bootstrap/at91bootstrap/main.o
                                 0x80 (size before relaxing)
 .rodata.str1.1
                0x0030024d       0x2a /home/linux/wkdir/src/sys/Bootstrap/at91bootstrap/board/at91sama5d3xek/at91sama5d3xek.o
 .rodata.str1.1
                0x00300277       0x16 /home/linux/wkdir/src/sys/Bootstrap/at91bootstrap/driver/ddramc.o
 .rodata.str1.1
                0x0030028d      0x352 /home/linux/wkdir/src/sys/Bootstrap/at91bootstrap/driver/nandflash.o
                                0x355 (size before relaxing)
                0x003005e0                . = ALIGN (0x4)
 *fill*         0x003005df        0x1 
 *(.glue_7)
 .glue_7        0x003005e0        0x0 linker stubs
                0x003005e0                . = ALIGN (0x4)
 *(.eh_frame)
                0x003005e0                . = ALIGN (0x4)
                0x003005e0                _etext = .

.glue_7t        0x003005e0        0x0
 .glue_7t       0x003005e0        0x0 linker stubs

.vfp11_veneer   0x003005e0        0x0
 .vfp11_veneer  0x003005e0        0x0 linker stubs

.v4_bx          0x003005e0        0x0
 .v4_bx         0x003005e0        0x0 linker stubs

.iplt           0x003005e0        0x0
 .iplt          0x003005e0        0x0 /home/linux/wkdir/src/sys/Bootstrap/at91bootstrap/crt0_gnu.o

.text.startup.main
                0x003005e0       0xd4
 .text.startup.main
                0x003005e0       0xd4 /home/linux/wkdir/src/sys/Bootstrap/at91bootstrap/main.o
                0x003005e0                main

.text.hw_init   0x003006b4      0x174
 .text.hw_init  0x003006b4      0x174 /home/linux/wkdir/src/sys/Bootstrap/at91bootstrap/board/at91sama5d3xek/at91sama5d3xek.o
                0x003006b4                hw_init

.text.nandflash_hw_init
                0x00300828       0x6c
 .text.nandflash_hw_init
                0x00300828       0x6c /home/linux/wkdir/src/sys/Bootstrap/at91bootstrap/board/at91sama5d3xek/at91sama5d3xek.o
                0x00300828                nandflash_hw_init

.text.nandflash_config_buswidth
                0x00300894       0x18
 .text.nandflash_config_buswidth
                0x00300894       0x18 /home/linux/wkdir/src/sys/Bootstrap/at91bootstrap/board/at91sama5d3xek/at91sama5d3xek.o
                0x00300894                nandflash_config_buswidth

.text.memset    0x003008ac        0xe
 .text.memset   0x003008ac        0xe /home/linux/wkdir/src/sys/Bootstrap/at91bootstrap/lib/string.o
                0x003008ac                memset

.text.division  0x003008ba       0x62
 .text.division
                0x003008ba       0x62 /home/linux/wkdir/src/sys/Bootstrap/at91bootstrap/lib/div.o
                0x003008ba                division

.text.div       0x0030091c       0x22
 .text.div      0x0030091c       0x22 /home/linux/wkdir/src/sys/Bootstrap/at91bootstrap/lib/div.o
                0x0030091c                div

.text.mod       0x0030093e       0x22
 .text.mod      0x0030093e       0x22 /home/linux/wkdir/src/sys/Bootstrap/at91bootstrap/lib/div.o
                0x0030093e                mod

.text.fill_hex_int
                0x00300960       0x2a
 .text.fill_hex_int
                0x00300960       0x2a /home/linux/wkdir/src/sys/Bootstrap/at91bootstrap/driver/debug.o

.text.dbg_log   0x0030098c       0xc4
 .text.dbg_log  0x0030098c       0xc4 /home/linux/wkdir/src/sys/Bootstrap/at91bootstrap/driver/debug.o
                0x0030098c                dbg_log

.text.slowclk_enable_osc32
                0x00300a50       0x18
 .text.slowclk_enable_osc32
                0x00300a50       0x18 /home/linux/wkdir/src/sys/Bootstrap/at91bootstrap/driver/at91_slowclk.o
                0x00300a50                slowclk_enable_osc32

.text.slowclk_switch_osc32
                0x00300a68       0x2c
 .text.slowclk_switch_osc32
                0x00300a68       0x2c /home/linux/wkdir/src/sys/Bootstrap/at91bootstrap/driver/at91_slowclk.o
                0x00300a68                slowclk_switch_osc32

.text.pio_set_gpio_input
                0x00300a94       0x42
 .text.pio_set_gpio_input
                0x00300a94       0x42 /home/linux/wkdir/src/sys/Bootstrap/at91bootstrap/driver/at91_pio.o
                0x00300a94                pio_set_gpio_input

.text.pio_set_gpio_output
                0x00300ad6       0x48
 .text.pio_set_gpio_output
                0x00300ad6       0x48 /home/linux/wkdir/src/sys/Bootstrap/at91bootstrap/driver/at91_pio.o
                0x00300ad6                pio_set_gpio_output

.text.pio_configure
                0x00300b1e      0x118
 .text.pio_configure
                0x00300b1e      0x118 /home/linux/wkdir/src/sys/Bootstrap/at91bootstrap/driver/at91_pio.o
                0x00300b1e                pio_configure

.text.lowlevel_clock_init
                0x00300c38       0x48
 .text.lowlevel_clock_init
                0x00300c38       0x48 /home/linux/wkdir/src/sys/Bootstrap/at91bootstrap/driver/pmc.o
                0x00300c38                lowlevel_clock_init

.text.pmc_init_pll
                0x00300c80        0xc
 .text.pmc_init_pll
                0x00300c80        0xc /home/linux/wkdir/src/sys/Bootstrap/at91bootstrap/driver/pmc.o
                0x00300c80                pmc_init_pll

.text.pmc_cfg_plla
                0x00300c8c       0x24
 .text.pmc_cfg_plla
                0x00300c8c       0x24 /home/linux/wkdir/src/sys/Bootstrap/at91bootstrap/driver/pmc.o
                0x00300c8c                pmc_cfg_plla

.text.pmc_cfg_mck
                0x00300cb0       0x20
 .text.pmc_cfg_mck
                0x00300cb0       0x20 /home/linux/wkdir/src/sys/Bootstrap/at91bootstrap/driver/pmc.o
                0x00300cb0                pmc_cfg_mck

.text.timer_init
                0x00300cd0       0x1c
 .text.timer_init
                0x00300cd0       0x1c /home/linux/wkdir/src/sys/Bootstrap/at91bootstrap/driver/at91_pit.o
                0x00300cd0                timer_init

.text.udelay    0x00300cec       0x1c
 .text.udelay   0x00300cec       0x1c /home/linux/wkdir/src/sys/Bootstrap/at91bootstrap/driver/at91_pit.o
                0x00300cec                udelay

.text.start_interval_timer
                0x00300d08       0x18
 .text.start_interval_timer
                0x00300d08       0x18 /home/linux/wkdir/src/sys/Bootstrap/at91bootstrap/driver/at91_pit.o
                0x00300d08                start_interval_timer

.text.wait_interval_timer
                0x00300d20       0x28
 .text.wait_interval_timer
                0x00300d20       0x28 /home/linux/wkdir/src/sys/Bootstrap/at91bootstrap/driver/at91_pit.o
                0x00300d20                wait_interval_timer

.text.at91_disable_wdt
                0x00300d48       0x10
 .text.at91_disable_wdt
                0x00300d48       0x10 /home/linux/wkdir/src/sys/Bootstrap/at91bootstrap/driver/at91_wdt.o
                0x00300d48                at91_disable_wdt

.text.dbgu_init
                0x00300d58       0x2c
 .text.dbgu_init
                0x00300d58       0x2c /home/linux/wkdir/src/sys/Bootstrap/at91bootstrap/driver/dbgu.o
                0x00300d58                dbgu_init

.text.dbgu_print
                0x00300d84       0x24
 .text.dbgu_print
                0x00300d84       0x24 /home/linux/wkdir/src/sys/Bootstrap/at91bootstrap/driver/dbgu.o
                0x00300d84                dbgu_print

.text.ddram_initialize
                0x00300da8      0x178
 .text.ddram_initialize
                0x00300da8      0x178 /home/linux/wkdir/src/sys/Bootstrap/at91bootstrap/driver/ddramc.o
                0x00300da8                ddram_initialize

.text.get_pmecc_bytes
                0x00300f20       0x48
 .text.get_pmecc_bytes
                0x00300f20       0x48 /home/linux/wkdir/src/sys/Bootstrap/at91bootstrap/driver/nandflash.o

.text.nand_command
                0x00300f68       0x14
 .text.nand_command
                0x00300f68       0x14 /home/linux/wkdir/src/sys/Bootstrap/at91bootstrap/driver/nandflash.o

.text.nand_address
                0x00300f7c       0x14
 .text.nand_address
                0x00300f7c       0x14 /home/linux/wkdir/src/sys/Bootstrap/at91bootstrap/driver/nandflash.o

.text.nand_wait_ready
                0x00300f90       0x1c
 .text.nand_wait_ready
                0x00300f90       0x1c /home/linux/wkdir/src/sys/Bootstrap/at91bootstrap/driver/nandflash.o

.text.nand_get_feature_on_die_ecc
                0x00300fac       0x1c
 .text.nand_get_feature_on_die_ecc
                0x00300fac       0x1c /home/linux/wkdir/src/sys/Bootstrap/at91bootstrap/driver/nandflash.o

.text.get_sigma
                0x00300fc8      0x342
 .text.get_sigma
                0x00300fc8      0x342 /home/linux/wkdir/src/sys/Bootstrap/at91bootstrap/driver/nandflash.o

.text.PMECC_CorrectionAlgo
                0x0030130c      0x270
 .text.PMECC_CorrectionAlgo
                0x0030130c      0x270 /home/linux/wkdir/src/sys/Bootstrap/at91bootstrap/driver/nandflash.o
                0x0030130c                PMECC_CorrectionAlgo

.text.buf_dump  0x0030157c       0x44
 .text.buf_dump
                0x0030157c       0x44 /home/linux/wkdir/src/sys/Bootstrap/at91bootstrap/driver/nandflash.o
                0x0030157c                buf_dump

.text.page_dump
                0x003015c0       0x4c
 .text.page_dump
                0x003015c0       0x4c /home/linux/wkdir/src/sys/Bootstrap/at91bootstrap/driver/nandflash.o
                0x003015c0                page_dump

.text.nand_read_sector
                0x0030160c      0x1dc
 .text.nand_read_sector
                0x0030160c      0x1dc /home/linux/wkdir/src/sys/Bootstrap/at91bootstrap/driver/nandflash.o

.text.nand_loadimage
                0x003017e8       0xf0
 .text.nand_loadimage
                0x003017e8       0xf0 /home/linux/wkdir/src/sys/Bootstrap/at91bootstrap/driver/nandflash.o

.text.load_nandflash
                0x003018d8      0x468
 .text.load_nandflash
                0x003018d8      0x468 /home/linux/wkdir/src/sys/Bootstrap/at91bootstrap/driver/nandflash.o
                0x003018d8                load_nandflash

.rel.dyn        0x00301d40        0x0
 .rel.iplt      0x00301d40        0x0 /home/linux/wkdir/src/sys/Bootstrap/at91bootstrap/crt0_gnu.o
 .rel.got       0x00301d40        0x0 /home/linux/wkdir/src/sys/Bootstrap/at91bootstrap/crt0_gnu.o
                0x00301d40                . = ALIGN (0x4)

.dummy          0x00301d40        0x0
                0x00301d40                _edummy = .

.data           0x00301d40       0xc8
                0x00301d40                _sdata = .
 *(.vectors)
 *(.data)
 .data          0x00301d40       0xc8 /home/linux/wkdir/src/sys/Bootstrap/at91bootstrap/board/at91sama5d3xek/at91sama5d3xek.o
                0x00301e08                _edata = .

.igot.plt       0x00301e08        0x0
 .igot.plt      0x00301e08        0x0 /home/linux/wkdir/src/sys/Bootstrap/at91bootstrap/crt0_gnu.o

.got            0x00301e08        0x4
 .got           0x00301e08        0x4 /home/linux/wkdir/src/sys/Bootstrap/at91bootstrap/crt0_gnu.o

.got.plt        0x00301e0c        0xc
 .got.plt       0x00301e0c        0xc /home/linux/wkdir/src/sys/Bootstrap/at91bootstrap/crt0_gnu.o
                0x00301e0c                _GLOBAL_OFFSET_TABLE_

.bss            0x00301e18      0xd90
                0x00301e18                . = ALIGN (0x4)
                0x00301e18                _sbss = .
 *(.bss)
 .bss           0x00301e18       0x80 /home/linux/wkdir/src/sys/Bootstrap/at91bootstrap/driver/debug.o
 .bss           0x00301e98        0x4 /home/linux/wkdir/src/sys/Bootstrap/at91bootstrap/driver/at91_pit.o
 .bss           0x00301e9c       0x40 /home/linux/wkdir/src/sys/Bootstrap/at91bootstrap/driver/nandflash.o
                0x00301edc                _ebss = .
 COMMON         0x00301edc      0xccc /home/linux/wkdir/src/sys/Bootstrap/at91bootstrap/driver/nandflash.o
                0x00301edc                PMECC_paramDesc
                0x00302ba8                end = .
Address of section .text set to 0x300000
LOAD /home/linux/wkdir/src/sys/Bootstrap/at91bootstrap/crt0_gnu.o
LOAD /home/linux/wkdir/src/sys/Bootstrap/at91bootstrap/main.o
LOAD /home/linux/wkdir/src/sys/Bootstrap/at91bootstrap/board/at91sama5d3xek/at91sama5d3xek.o
LOAD /home/linux/wkdir/src/sys/Bootstrap/at91bootstrap/lib/string.o
LOAD /home/linux/wkdir/src/sys/Bootstrap/at91bootstrap/lib/eabi_utils.o
LOAD /home/linux/wkdir/src/sys/Bootstrap/at91bootstrap/lib/div.o
LOAD /home/linux/wkdir/src/sys/Bootstrap/at91bootstrap/driver/debug.o
LOAD /home/linux/wkdir/src/sys/Bootstrap/at91bootstrap/driver/at91_slowclk.o
LOAD /home/linux/wkdir/src/sys/Bootstrap/at91bootstrap/driver/at91_pio.o
LOAD /home/linux/wkdir/src/sys/Bootstrap/at91bootstrap/driver/pmc.o
LOAD /home/linux/wkdir/src/sys/Bootstrap/at91bootstrap/driver/at91_pit.o
LOAD /home/linux/wkdir/src/sys/Bootstrap/at91bootstrap/driver/at91_wdt.o
LOAD /home/linux/wkdir/src/sys/Bootstrap/at91bootstrap/driver/dbgu.o
LOAD /home/linux/wkdir/src/sys/Bootstrap/at91bootstrap/driver/ddramc.o
LOAD /home/linux/wkdir/src/sys/Bootstrap/at91bootstrap/driver/nandflash.o
OUTPUT(/home/linux/wkdir/src/sys/Bootstrap/at91bootstrap/binaries/at91sama5d3xek-nandflashboot-uboot-3.5.4.elf elf32-littlearm)

start           0x00000000        0x0
 start          0x00000000        0x0 /home/linux/wkdir/src/sys/Bootstrap/at91bootstrap/crt0_gnu.o

.ARM.attributes
                0x00000000       0x2f
 .ARM.attributes
                0x00000000       0x1f /home/linux/wkdir/src/sys/Bootstrap/at91bootstrap/crt0_gnu.o
 .ARM.attributes
                0x0000001f       0x33 /home/linux/wkdir/src/sys/Bootstrap/at91bootstrap/main.o
 .ARM.attributes
                0x00000052       0x33 /home/linux/wkdir/src/sys/Bootstrap/at91bootstrap/board/at91sama5d3xek/at91sama5d3xek.o
 .ARM.attributes
                0x00000085       0x33 /home/linux/wkdir/src/sys/Bootstrap/at91bootstrap/lib/string.o
 .ARM.attributes
                0x000000b8       0x33 /home/linux/wkdir/src/sys/Bootstrap/at91bootstrap/lib/div.o
 .ARM.attributes
                0x000000eb       0x33 /home/linux/wkdir/src/sys/Bootstrap/at91bootstrap/driver/debug.o
 .ARM.attributes
                0x0000011e       0x33 /home/linux/wkdir/src/sys/Bootstrap/at91bootstrap/driver/at91_slowclk.o
 .ARM.attributes
                0x00000151       0x33 /home/linux/wkdir/src/sys/Bootstrap/at91bootstrap/driver/at91_pio.o
 .ARM.attributes
                0x00000184       0x33 /home/linux/wkdir/src/sys/Bootstrap/at91bootstrap/driver/pmc.o
 .ARM.attributes
                0x000001b7       0x33 /home/linux/wkdir/src/sys/Bootstrap/at91bootstrap/driver/at91_pit.o
 .ARM.attributes
                0x000001ea       0x33 /home/linux/wkdir/src/sys/Bootstrap/at91bootstrap/driver/at91_wdt.o
 .ARM.attributes
                0x0000021d       0x33 /home/linux/wkdir/src/sys/Bootstrap/at91bootstrap/driver/dbgu.o
 .ARM.attributes
                0x00000250       0x33 /home/linux/wkdir/src/sys/Bootstrap/at91bootstrap/driver/ddramc.o
 .ARM.attributes
                0x00000283       0x33 /home/linux/wkdir/src/sys/Bootstrap/at91bootstrap/driver/nandflash.o

.comment        0x00000000       0x2b
 .comment       0x00000000       0x2b /home/linux/wkdir/src/sys/Bootstrap/at91bootstrap/main.o
                                 0x2c (size before relaxing)
 .comment       0x0000002b       0x2c /home/linux/wkdir/src/sys/Bootstrap/at91bootstrap/board/at91sama5d3xek/at91sama5d3xek.o
 .comment       0x0000002b       0x2c /home/linux/wkdir/src/sys/Bootstrap/at91bootstrap/lib/string.o
 .comment       0x0000002b       0x2c /home/linux/wkdir/src/sys/Bootstrap/at91bootstrap/lib/div.o
 .comment       0x0000002b       0x2c /home/linux/wkdir/src/sys/Bootstrap/at91bootstrap/driver/debug.o
 .comment       0x0000002b       0x2c /home/linux/wkdir/src/sys/Bootstrap/at91bootstrap/driver/at91_slowclk.o
 .comment       0x0000002b       0x2c /home/linux/wkdir/src/sys/Bootstrap/at91bootstrap/driver/at91_pio.o
 .comment       0x0000002b       0x2c /home/linux/wkdir/src/sys/Bootstrap/at91bootstrap/driver/pmc.o
 .comment       0x0000002b       0x2c /home/linux/wkdir/src/sys/Bootstrap/at91bootstrap/driver/at91_pit.o
 .comment       0x0000002b       0x2c /home/linux/wkdir/src/sys/Bootstrap/at91bootstrap/driver/at91_wdt.o
 .comment       0x0000002b       0x2c /home/linux/wkdir/src/sys/Bootstrap/at91bootstrap/driver/dbgu.o
 .comment       0x0000002b       0x2c /home/linux/wkdir/src/sys/Bootstrap/at91bootstrap/driver/ddramc.o
 .comment       0x0000002b       0x2c /home/linux/wkdir/src/sys/Bootstrap/at91bootstrap/driver/nandflash.o

.note.GNU-stack
                0x00000000        0x0
 .note.GNU-stack
                0x00000000        0x0 /home/linux/wkdir/src/sys/Bootstrap/at91bootstrap/main.o
 .note.GNU-stack
                0x00000000        0x0 /home/linux/wkdir/src/sys/Bootstrap/at91bootstrap/board/at91sama5d3xek/at91sama5d3xek.o
 .note.GNU-stack
                0x00000000        0x0 /home/linux/wkdir/src/sys/Bootstrap/at91bootstrap/lib/string.o
 .note.GNU-stack
                0x00000000        0x0 /home/linux/wkdir/src/sys/Bootstrap/at91bootstrap/lib/div.o
 .note.GNU-stack
                0x00000000        0x0 /home/linux/wkdir/src/sys/Bootstrap/at91bootstrap/driver/debug.o
 .note.GNU-stack
                0x00000000        0x0 /home/linux/wkdir/src/sys/Bootstrap/at91bootstrap/driver/at91_slowclk.o
 .note.GNU-stack
                0x00000000        0x0 /home/linux/wkdir/src/sys/Bootstrap/at91bootstrap/driver/at91_pio.o
 .note.GNU-stack
                0x00000000        0x0 /home/linux/wkdir/src/sys/Bootstrap/at91bootstrap/driver/pmc.o
 .note.GNU-stack
                0x00000000        0x0 /home/linux/wkdir/src/sys/Bootstrap/at91bootstrap/driver/at91_pit.o
 .note.GNU-stack
                0x00000000        0x0 /home/linux/wkdir/src/sys/Bootstrap/at91bootstrap/driver/at91_wdt.o
 .note.GNU-stack
                0x00000000        0x0 /home/linux/wkdir/src/sys/Bootstrap/at91bootstrap/driver/dbgu.o
 .note.GNU-stack
                0x00000000        0x0 /home/linux/wkdir/src/sys/Bootstrap/at91bootstrap/driver/ddramc.o
 .note.GNU-stack
                0x00000000        0x0 /home/linux/wkdir/src/sys/Bootstrap/at91bootstrap/driver/nandflash.o

.debug_line     0x00000000     0x1724
 .debug_line    0x00000000       0xc0 /home/linux/wkdir/src/sys/Bootstrap/at91bootstrap/crt0_gnu.o
 .debug_line    0x000000c0      0x114 /home/linux/wkdir/src/sys/Bootstrap/at91bootstrap/main.o
 .debug_line    0x000001d4      0x1a3 /home/linux/wkdir/src/sys/Bootstrap/at91bootstrap/board/at91sama5d3xek/at91sama5d3xek.o
 .debug_line    0x00000377      0x184 /home/linux/wkdir/src/sys/Bootstrap/at91bootstrap/lib/string.o
 .debug_line    0x000004fb       0xc8 /home/linux/wkdir/src/sys/Bootstrap/at91bootstrap/lib/div.o
 .debug_line    0x000005c3      0x1b4 /home/linux/wkdir/src/sys/Bootstrap/at91bootstrap/driver/debug.o
 .debug_line    0x00000777       0xb4 /home/linux/wkdir/src/sys/Bootstrap/at91bootstrap/driver/at91_slowclk.o
 .debug_line    0x0000082b      0x210 /home/linux/wkdir/src/sys/Bootstrap/at91bootstrap/driver/at91_pio.o
 .debug_line    0x00000a3b      0x17d /home/linux/wkdir/src/sys/Bootstrap/at91bootstrap/driver/pmc.o
 .debug_line    0x00000bb8      0x107 /home/linux/wkdir/src/sys/Bootstrap/at91bootstrap/driver/at91_pit.o
 .debug_line    0x00000cbf       0x75 /home/linux/wkdir/src/sys/Bootstrap/at91bootstrap/driver/at91_wdt.o
 .debug_line    0x00000d34       0xc4 /home/linux/wkdir/src/sys/Bootstrap/at91bootstrap/driver/dbgu.o
 .debug_line    0x00000df8      0x1d3 /home/linux/wkdir/src/sys/Bootstrap/at91bootstrap/driver/ddramc.o
 .debug_line    0x00000fcb      0x759 /home/linux/wkdir/src/sys/Bootstrap/at91bootstrap/driver/nandflash.o

.debug_info     0x00000000     0x4fd9
 .debug_info    0x00000000       0x26 /home/linux/wkdir/src/sys/Bootstrap/at91bootstrap/crt0_gnu.o
 .debug_info    0x00000026      0x350 /home/linux/wkdir/src/sys/Bootstrap/at91bootstrap/main.o
 .debug_info    0x00000376      0x4f7 /home/linux/wkdir/src/sys/Bootstrap/at91bootstrap/board/at91sama5d3xek/at91sama5d3xek.o
 .debug_info    0x0000086d      0x3f5 /home/linux/wkdir/src/sys/Bootstrap/at91bootstrap/lib/string.o
 .debug_info    0x00000c62      0x242 /home/linux/wkdir/src/sys/Bootstrap/at91bootstrap/lib/div.o
 .debug_info    0x00000ea4      0x4f6 /home/linux/wkdir/src/sys/Bootstrap/at91bootstrap/driver/debug.o
 .debug_info    0x0000139a       0xd5 /home/linux/wkdir/src/sys/Bootstrap/at91bootstrap/driver/at91_slowclk.o
 .debug_info    0x0000146f      0x9c2 /home/linux/wkdir/src/sys/Bootstrap/at91bootstrap/driver/at91_pio.o
 .debug_info    0x00001e31      0x3fb /home/linux/wkdir/src/sys/Bootstrap/at91bootstrap/driver/pmc.o
 .debug_info    0x0000222c      0x21d /home/linux/wkdir/src/sys/Bootstrap/at91bootstrap/driver/at91_pit.o
 .debug_info    0x00002449       0x37 /home/linux/wkdir/src/sys/Bootstrap/at91bootstrap/driver/at91_wdt.o
 .debug_info    0x00002480      0x224 /home/linux/wkdir/src/sys/Bootstrap/at91bootstrap/driver/dbgu.o
 .debug_info    0x000026a4      0x805 /home/linux/wkdir/src/sys/Bootstrap/at91bootstrap/driver/ddramc.o
 .debug_info    0x00002ea9     0x2130 /home/linux/wkdir/src/sys/Bootstrap/at91bootstrap/driver/nandflash.o

.debug_abbrev   0x00000000     0x131a
 .debug_abbrev  0x00000000       0x14 /home/linux/wkdir/src/sys/Bootstrap/at91bootstrap/crt0_gnu.o
 .debug_abbrev  0x00000014      0x1c2 /home/linux/wkdir/src/sys/Bootstrap/at91bootstrap/main.o
 .debug_abbrev  0x000001d6      0x1d7 /home/linux/wkdir/src/sys/Bootstrap/at91bootstrap/board/at91sama5d3xek/at91sama5d3xek.o
 .debug_abbrev  0x000003ad       0xe8 /home/linux/wkdir/src/sys/Bootstrap/at91bootstrap/lib/string.o
 .debug_abbrev  0x00000495      0x114 /home/linux/wkdir/src/sys/Bootstrap/at91bootstrap/lib/div.o
 .debug_abbrev  0x000005a9      0x1ee /home/linux/wkdir/src/sys/Bootstrap/at91bootstrap/driver/debug.o
 .debug_abbrev  0x00000797       0x95 /home/linux/wkdir/src/sys/Bootstrap/at91bootstrap/driver/at91_slowclk.o
 .debug_abbrev  0x0000082c      0x1b4 /home/linux/wkdir/src/sys/Bootstrap/at91bootstrap/driver/at91_pio.o
 .debug_abbrev  0x000009e0      0x152 /home/linux/wkdir/src/sys/Bootstrap/at91bootstrap/driver/pmc.o
 .debug_abbrev  0x00000b32      0x11f /home/linux/wkdir/src/sys/Bootstrap/at91bootstrap/driver/at91_pit.o
 .debug_abbrev  0x00000c51       0x2c /home/linux/wkdir/src/sys/Bootstrap/at91bootstrap/driver/at91_wdt.o
 .debug_abbrev  0x00000c7d      0x115 /home/linux/wkdir/src/sys/Bootstrap/at91bootstrap/driver/dbgu.o
 .debug_abbrev  0x00000d92      0x17a /home/linux/wkdir/src/sys/Bootstrap/at91bootstrap/driver/ddramc.o
 .debug_abbrev  0x00000f0c      0x40e /home/linux/wkdir/src/sys/Bootstrap/at91bootstrap/driver/nandflash.o

.debug_aranges  0x00000000      0x310
 .debug_aranges
                0x00000000       0x20 /home/linux/wkdir/src/sys/Bootstrap/at91bootstrap/crt0_gnu.o
 .debug_aranges
                0x00000020       0x20 /home/linux/wkdir/src/sys/Bootstrap/at91bootstrap/main.o
 .debug_aranges
                0x00000040       0x30 /home/linux/wkdir/src/sys/Bootstrap/at91bootstrap/board/at91sama5d3xek/at91sama5d3xek.o
 .debug_aranges
                0x00000070       0x70 /home/linux/wkdir/src/sys/Bootstrap/at91bootstrap/lib/string.o
 .debug_aranges
                0x000000e0       0x30 /home/linux/wkdir/src/sys/Bootstrap/at91bootstrap/lib/div.o
 .debug_aranges
                0x00000110       0x28 /home/linux/wkdir/src/sys/Bootstrap/at91bootstrap/driver/debug.o
 .debug_aranges
                0x00000138       0x28 /home/linux/wkdir/src/sys/Bootstrap/at91bootstrap/driver/at91_slowclk.o
 .debug_aranges
                0x00000160       0x40 /home/linux/wkdir/src/sys/Bootstrap/at91bootstrap/driver/at91_pio.o
 .debug_aranges
                0x000001a0       0x50 /home/linux/wkdir/src/sys/Bootstrap/at91bootstrap/driver/pmc.o
 .debug_aranges
                0x000001f0       0x38 /home/linux/wkdir/src/sys/Bootstrap/at91bootstrap/driver/at91_pit.o
 .debug_aranges
                0x00000228       0x20 /home/linux/wkdir/src/sys/Bootstrap/at91bootstrap/driver/at91_wdt.o
 .debug_aranges
                0x00000248       0x30 /home/linux/wkdir/src/sys/Bootstrap/at91bootstrap/driver/dbgu.o
 .debug_aranges
                0x00000278       0x20 /home/linux/wkdir/src/sys/Bootstrap/at91bootstrap/driver/ddramc.o
 .debug_aranges
                0x00000298       0x78 /home/linux/wkdir/src/sys/Bootstrap/at91bootstrap/driver/nandflash.o

.debug_str      0x00000000     0x13a4
 .debug_str     0x00000000       0x7b /home/linux/wkdir/src/sys/Bootstrap/at91bootstrap/crt0_gnu.o
 .debug_str     0x0000007b      0x1bf /home/linux/wkdir/src/sys/Bootstrap/at91bootstrap/main.o
                                0x234 (size before relaxing)
 .debug_str     0x0000023a      0x254 /home/linux/wkdir/src/sys/Bootstrap/at91bootstrap/board/at91sama5d3xek/at91sama5d3xek.o
                                0x36d (size before relaxing)
 .debug_str     0x0000048e       0x87 /home/linux/wkdir/src/sys/Bootstrap/at91bootstrap/lib/string.o
                                0x18c (size before relaxing)
 .debug_str     0x00000515       0x87 /home/linux/wkdir/src/sys/Bootstrap/at91bootstrap/lib/div.o
                                0x173 (size before relaxing)
 .debug_str     0x0000059c      0x2c1 /home/linux/wkdir/src/sys/Bootstrap/at91bootstrap/driver/debug.o
                                0x3f3 (size before relaxing)
 .debug_str     0x0000085d       0x71 /home/linux/wkdir/src/sys/Bootstrap/at91bootstrap/driver/at91_slowclk.o
                                0x17a (size before relaxing)
 .debug_str     0x000008ce      0x101 /home/linux/wkdir/src/sys/Bootstrap/at91bootstrap/driver/at91_pio.o
                                0x28f (size before relaxing)
 .debug_str     0x000009cf       0xc2 /home/linux/wkdir/src/sys/Bootstrap/at91bootstrap/driver/pmc.o
                                0x1ed (size before relaxing)
 .debug_str     0x00000a91       0x8a /home/linux/wkdir/src/sys/Bootstrap/at91bootstrap/driver/at91_pit.o
                                0x1ae (size before relaxing)
 .debug_str     0x00000b1b       0x44 /home/linux/wkdir/src/sys/Bootstrap/at91bootstrap/driver/at91_wdt.o
                                0x120 (size before relaxing)
 .debug_str     0x00000b5f       0x68 /home/linux/wkdir/src/sys/Bootstrap/at91bootstrap/driver/dbgu.o
                                0x167 (size before relaxing)
 .debug_str     0x00000bc7       0xa0 /home/linux/wkdir/src/sys/Bootstrap/at91bootstrap/driver/ddramc.o
                                0x200 (size before relaxing)
 .debug_str     0x00000c67      0x73d /home/linux/wkdir/src/sys/Bootstrap/at91bootstrap/driver/nandflash.o
                                0x99b (size before relaxing)

.debug_loc      0x00000000     0x37cf
 .debug_loc     0x00000000       0x67 /home/linux/wkdir/src/sys/Bootstrap/at91bootstrap/main.o
 .debug_loc     0x00000067       0x49 /home/linux/wkdir/src/sys/Bootstrap/at91bootstrap/board/at91sama5d3xek/at91sama5d3xek.o
 .debug_loc     0x000000b0      0x5fc /home/linux/wkdir/src/sys/Bootstrap/at91bootstrap/lib/string.o
 .debug_loc     0x000006ac      0x1ca /home/linux/wkdir/src/sys/Bootstrap/at91bootstrap/lib/div.o
 .debug_loc     0x00000876      0x226 /home/linux/wkdir/src/sys/Bootstrap/at91bootstrap/driver/debug.o
 .debug_loc     0x00000a9c       0x31 /home/linux/wkdir/src/sys/Bootstrap/at91bootstrap/driver/at91_slowclk.o
 .debug_loc     0x00000acd      0x703 /home/linux/wkdir/src/sys/Bootstrap/at91bootstrap/driver/at91_pio.o
 .debug_loc     0x000011d0      0x314 /home/linux/wkdir/src/sys/Bootstrap/at91bootstrap/driver/pmc.o
 .debug_loc     0x000014e4      0x12d /home/linux/wkdir/src/sys/Bootstrap/at91bootstrap/driver/at91_pit.o
 .debug_loc     0x00001611      0x1a9 /home/linux/wkdir/src/sys/Bootstrap/at91bootstrap/driver/dbgu.o
 .debug_loc     0x000017ba      0x659 /home/linux/wkdir/src/sys/Bootstrap/at91bootstrap/driver/ddramc.o
 .debug_loc     0x00001e13     0x19bc /home/linux/wkdir/src/sys/Bootstrap/at91bootstrap/driver/nandflash.o

.debug_ranges   0x00000000      0xbc0
 .debug_ranges  0x00000000       0x30 /home/linux/wkdir/src/sys/Bootstrap/at91bootstrap/main.o
 .debug_ranges  0x00000030       0xd8 /home/linux/wkdir/src/sys/Bootstrap/at91bootstrap/board/at91sama5d3xek/at91sama5d3xek.o
 .debug_ranges  0x00000108       0x60 /home/linux/wkdir/src/sys/Bootstrap/at91bootstrap/lib/string.o
 .debug_ranges  0x00000168       0x38 /home/linux/wkdir/src/sys/Bootstrap/at91bootstrap/lib/div.o
 .debug_ranges  0x000001a0       0x18 /home/linux/wkdir/src/sys/Bootstrap/at91bootstrap/driver/debug.o
 .debug_ranges  0x000001b8       0x18 /home/linux/wkdir/src/sys/Bootstrap/at91bootstrap/driver/at91_slowclk.o
 .debug_ranges  0x000001d0      0x230 /home/linux/wkdir/src/sys/Bootstrap/at91bootstrap/driver/at91_pio.o
 .debug_ranges  0x00000400       0xe8 /home/linux/wkdir/src/sys/Bootstrap/at91bootstrap/driver/pmc.o
 .debug_ranges  0x000004e8       0x88 /home/linux/wkdir/src/sys/Bootstrap/at91bootstrap/driver/at91_pit.o
 .debug_ranges  0x00000570       0x10 /home/linux/wkdir/src/sys/Bootstrap/at91bootstrap/driver/at91_wdt.o
 .debug_ranges  0x00000580       0x80 /home/linux/wkdir/src/sys/Bootstrap/at91bootstrap/driver/dbgu.o
 .debug_ranges  0x00000600       0xa0 /home/linux/wkdir/src/sys/Bootstrap/at91bootstrap/driver/ddramc.o
 .debug_ranges  0x000006a0      0x520 /home/linux/wkdir/src/sys/Bootstrap/at91bootstrap/driver/nandflash.o

.debug_frame    0x00000000      0x64c
 .debug_frame   0x00000000       0x34 /home/linux/wkdir/src/sys/Bootstrap/at91bootstrap/main.o
 .debug_frame   0x00000034       0x68 /home/linux/wkdir/src/sys/Bootstrap/at91bootstrap/board/at91sama5d3xek/at91sama5d3xek.o
 .debug_frame   0x0000009c       0xf4 /home/linux/wkdir/src/sys/Bootstrap/at91bootstrap/lib/string.o
 .debug_frame   0x00000190       0x68 /home/linux/wkdir/src/sys/Bootstrap/at91bootstrap/lib/div.o
 .debug_frame   0x000001f8       0x6c /home/linux/wkdir/src/sys/Bootstrap/at91bootstrap/driver/debug.o
 .debug_frame   0x00000264       0x40 /home/linux/wkdir/src/sys/Bootstrap/at91bootstrap/driver/at91_slowclk.o
 .debug_frame   0x000002a4       0x70 /home/linux/wkdir/src/sys/Bootstrap/at91bootstrap/driver/at91_pio.o
 .debug_frame   0x00000314       0x80 /home/linux/wkdir/src/sys/Bootstrap/at91bootstrap/driver/pmc.o
 .debug_frame   0x00000394       0x50 /home/linux/wkdir/src/sys/Bootstrap/at91bootstrap/driver/at91_pit.o
 .debug_frame   0x000003e4       0x20 /home/linux/wkdir/src/sys/Bootstrap/at91bootstrap/driver/at91_wdt.o
 .debug_frame   0x00000404       0x48 /home/linux/wkdir/src/sys/Bootstrap/at91bootstrap/driver/dbgu.o
 .debug_frame   0x0000044c       0x38 /home/linux/wkdir/src/sys/Bootstrap/at91bootstrap/driver/ddramc.o
 .debug_frame   0x00000484      0x1c8 /home/linux/wkdir/src/sys/Bootstrap/at91bootstrap/driver/nandflash.o

Cross Reference Table

Symbol                                            File
PMECC_CorrectionAlgo                              /home/linux/wkdir/src/sys/Bootstrap/at91bootstrap/driver/nandflash.o
PMECC_paramDesc                                   /home/linux/wkdir/src/sys/Bootstrap/at91bootstrap/driver/nandflash.o
_GLOBAL_OFFSET_TABLE_                             /home/linux/wkdir/src/sys/Bootstrap/at91bootstrap/crt0_gnu.o
                                                  /home/linux/wkdir/src/sys/Bootstrap/at91bootstrap/driver/nandflash.o
__aeabi_unwind_cpp_pr0                            /home/linux/wkdir/src/sys/Bootstrap/at91bootstrap/lib/eabi_utils.o
__aeabi_unwind_cpp_pr1                            /home/linux/wkdir/src/sys/Bootstrap/at91bootstrap/lib/eabi_utils.o
_ebss                                             /home/linux/wkdir/src/sys/Bootstrap/at91bootstrap/crt0_gnu.o
_edata                                            /home/linux/wkdir/src/sys/Bootstrap/at91bootstrap/crt0_gnu.o
_edummy                                           /home/linux/wkdir/src/sys/Bootstrap/at91bootstrap/crt0_gnu.o
_sbss                                             /home/linux/wkdir/src/sys/Bootstrap/at91bootstrap/crt0_gnu.o
_sdata                                            /home/linux/wkdir/src/sys/Bootstrap/at91bootstrap/crt0_gnu.o
at91_disable_wdt                                  /home/linux/wkdir/src/sys/Bootstrap/at91bootstrap/driver/at91_wdt.o
                                                  /home/linux/wkdir/src/sys/Bootstrap/at91bootstrap/board/at91sama5d3xek/at91sama5d3xek.o
buf_dump                                          /home/linux/wkdir/src/sys/Bootstrap/at91bootstrap/driver/nandflash.o
dbg_log                                           /home/linux/wkdir/src/sys/Bootstrap/at91bootstrap/driver/debug.o
                                                  /home/linux/wkdir/src/sys/Bootstrap/at91bootstrap/driver/nandflash.o
                                                  /home/linux/wkdir/src/sys/Bootstrap/at91bootstrap/driver/ddramc.o
dbgu_getc                                         /home/linux/wkdir/src/sys/Bootstrap/at91bootstrap/driver/dbgu.o
dbgu_init                                         /home/linux/wkdir/src/sys/Bootstrap/at91bootstrap/driver/dbgu.o
                                                  /home/linux/wkdir/src/sys/Bootstrap/at91bootstrap/board/at91sama5d3xek/at91sama5d3xek.o
dbgu_print                                        /home/linux/wkdir/src/sys/Bootstrap/at91bootstrap/driver/dbgu.o
                                                  /home/linux/wkdir/src/sys/Bootstrap/at91bootstrap/driver/debug.o
                                                  /home/linux/wkdir/src/sys/Bootstrap/at91bootstrap/main.o
ddram_initialize                                  /home/linux/wkdir/src/sys/Bootstrap/at91bootstrap/driver/ddramc.o
                                                  /home/linux/wkdir/src/sys/Bootstrap/at91bootstrap/board/at91sama5d3xek/at91sama5d3xek.o
die                                               /home/linux/wkdir/src/sys/Bootstrap/at91bootstrap/driver/pmc.o
disable_dcache                                    /home/linux/wkdir/src/sys/Bootstrap/at91bootstrap/crt0_gnu.o
disable_icache                                    /home/linux/wkdir/src/sys/Bootstrap/at91bootstrap/crt0_gnu.o
disable_irq                                       /home/linux/wkdir/src/sys/Bootstrap/at91bootstrap/crt0_gnu.o
div                                               /home/linux/wkdir/src/sys/Bootstrap/at91bootstrap/lib/div.o
                                                  /home/linux/wkdir/src/sys/Bootstrap/at91bootstrap/driver/nandflash.o
division                                          /home/linux/wkdir/src/sys/Bootstrap/at91bootstrap/lib/div.o
                                                  /home/linux/wkdir/src/sys/Bootstrap/at91bootstrap/driver/nandflash.o
flush_idcache                                     /home/linux/wkdir/src/sys/Bootstrap/at91bootstrap/crt0_gnu.o
get_cp15                                          /home/linux/wkdir/src/sys/Bootstrap/at91bootstrap/crt0_gnu.o
get_cpsr                                          /home/linux/wkdir/src/sys/Bootstrap/at91bootstrap/crt0_gnu.o
hw_init                                           /home/linux/wkdir/src/sys/Bootstrap/at91bootstrap/board/at91sama5d3xek/at91sama5d3xek.o
                                                  /home/linux/wkdir/src/sys/Bootstrap/at91bootstrap/main.o
load_nandflash                                    /home/linux/wkdir/src/sys/Bootstrap/at91bootstrap/driver/nandflash.o
                                                  /home/linux/wkdir/src/sys/Bootstrap/at91bootstrap/main.o
lowlevel_clock_init                               /home/linux/wkdir/src/sys/Bootstrap/at91bootstrap/driver/pmc.o
                                                  /home/linux/wkdir/src/sys/Bootstrap/at91bootstrap/crt0_gnu.o
main                                              /home/linux/wkdir/src/sys/Bootstrap/at91bootstrap/main.o
                                                  /home/linux/wkdir/src/sys/Bootstrap/at91bootstrap/crt0_gnu.o
memchr                                            /home/linux/wkdir/src/sys/Bootstrap/at91bootstrap/lib/string.o
memcmp                                            /home/linux/wkdir/src/sys/Bootstrap/at91bootstrap/lib/string.o
memcpy                                            /home/linux/wkdir/src/sys/Bootstrap/at91bootstrap/lib/string.o
memmove                                           /home/linux/wkdir/src/sys/Bootstrap/at91bootstrap/lib/string.o
memset                                            /home/linux/wkdir/src/sys/Bootstrap/at91bootstrap/lib/string.o
                                                  /home/linux/wkdir/src/sys/Bootstrap/at91bootstrap/main.o
mod                                               /home/linux/wkdir/src/sys/Bootstrap/at91bootstrap/lib/div.o
                                                  /home/linux/wkdir/src/sys/Bootstrap/at91bootstrap/driver/nandflash.o
nandflash_config_buswidth                         /home/linux/wkdir/src/sys/Bootstrap/at91bootstrap/board/at91sama5d3xek/at91sama5d3xek.o
                                                  /home/linux/wkdir/src/sys/Bootstrap/at91bootstrap/driver/nandflash.o
nandflash_hw_init                                 /home/linux/wkdir/src/sys/Bootstrap/at91bootstrap/board/at91sama5d3xek/at91sama5d3xek.o
                                                  /home/linux/wkdir/src/sys/Bootstrap/at91bootstrap/driver/nandflash.o
page_dump                                         /home/linux/wkdir/src/sys/Bootstrap/at91bootstrap/driver/nandflash.o
pio_configure                                     /home/linux/wkdir/src/sys/Bootstrap/at91bootstrap/driver/at91_pio.o
                                                  /home/linux/wkdir/src/sys/Bootstrap/at91bootstrap/board/at91sama5d3xek/at91sama5d3xek.o
pio_get_value                                     /home/linux/wkdir/src/sys/Bootstrap/at91bootstrap/driver/at91_pio.o
pio_set_gpio_input                                /home/linux/wkdir/src/sys/Bootstrap/at91bootstrap/driver/at91_pio.o
pio_set_gpio_output                               /home/linux/wkdir/src/sys/Bootstrap/at91bootstrap/driver/at91_pio.o
                                                  /home/linux/wkdir/src/sys/Bootstrap/at91bootstrap/board/at91sama5d3xek/at91sama5d3xek.o
pio_set_value                                     /home/linux/wkdir/src/sys/Bootstrap/at91bootstrap/driver/at91_pio.o
pmc_cfg_mck                                       /home/linux/wkdir/src/sys/Bootstrap/at91bootstrap/driver/pmc.o
                                                  /home/linux/wkdir/src/sys/Bootstrap/at91bootstrap/board/at91sama5d3xek/at91sama5d3xek.o
pmc_cfg_pck                                       /home/linux/wkdir/src/sys/Bootstrap/at91bootstrap/driver/pmc.o
pmc_cfg_plla                                      /home/linux/wkdir/src/sys/Bootstrap/at91bootstrap/driver/pmc.o
                                                  /home/linux/wkdir/src/sys/Bootstrap/at91bootstrap/board/at91sama5d3xek/at91sama5d3xek.o
pmc_cfg_pllb                                      /home/linux/wkdir/src/sys/Bootstrap/at91bootstrap/driver/pmc.o
pmc_init_pll                                      /home/linux/wkdir/src/sys/Bootstrap/at91bootstrap/driver/pmc.o
                                                  /home/linux/wkdir/src/sys/Bootstrap/at91bootstrap/board/at91sama5d3xek/at91sama5d3xek.o
reset                                             /home/linux/wkdir/src/sys/Bootstrap/at91bootstrap/crt0_gnu.o
sdcard_set_of_name                                /home/linux/wkdir/src/sys/Bootstrap/at91bootstrap/main.o
set_cp15                                          /home/linux/wkdir/src/sys/Bootstrap/at91bootstrap/crt0_gnu.o
set_cpsr                                          /home/linux/wkdir/src/sys/Bootstrap/at91bootstrap/crt0_gnu.o
slowclk_enable_osc32                              /home/linux/wkdir/src/sys/Bootstrap/at91bootstrap/driver/at91_slowclk.o
                                                  /home/linux/wkdir/src/sys/Bootstrap/at91bootstrap/board/at91sama5d3xek/at91sama5d3xek.o
slowclk_switch_osc32                              /home/linux/wkdir/src/sys/Bootstrap/at91bootstrap/driver/at91_slowclk.o
                                                  /home/linux/wkdir/src/sys/Bootstrap/at91bootstrap/main.o
start_interval_timer                              /home/linux/wkdir/src/sys/Bootstrap/at91bootstrap/driver/at91_pit.o
                                                  /home/linux/wkdir/src/sys/Bootstrap/at91bootstrap/driver/at91_slowclk.o
strcat                                            /home/linux/wkdir/src/sys/Bootstrap/at91bootstrap/lib/string.o
strchr                                            /home/linux/wkdir/src/sys/Bootstrap/at91bootstrap/lib/string.o
strcmp                                            /home/linux/wkdir/src/sys/Bootstrap/at91bootstrap/lib/string.o
strcpy                                            /home/linux/wkdir/src/sys/Bootstrap/at91bootstrap/lib/string.o
strlen                                            /home/linux/wkdir/src/sys/Bootstrap/at91bootstrap/lib/string.o
strncmp                                           /home/linux/wkdir/src/sys/Bootstrap/at91bootstrap/lib/string.o
timer_init                                        /home/linux/wkdir/src/sys/Bootstrap/at91bootstrap/driver/at91_pit.o
                                                  /home/linux/wkdir/src/sys/Bootstrap/at91bootstrap/board/at91sama5d3xek/at91sama5d3xek.o
udelay                                            /home/linux/wkdir/src/sys/Bootstrap/at91bootstrap/driver/at91_pit.o
                                                  /home/linux/wkdir/src/sys/Bootstrap/at91bootstrap/driver/ddramc.o
                                                  /home/linux/wkdir/src/sys/Bootstrap/at91bootstrap/driver/at91_slowclk.o
                                                  /home/linux/wkdir/src/sys/Bootstrap/at91bootstrap/board/at91sama5d3xek/at91sama5d3xek.o
wait_interval_timer                               /home/linux/wkdir/src/sys/Bootstrap/at91bootstrap/driver/at91_pit.o
                                                  /home/linux/wkdir/src/sys/Bootstrap/at91bootstrap/driver/at91_slowclk.o
